    major_brand     : isom
    minor_version   : 512
    compatible_brands: isomiso2avc1mp41
    encoder         : Lavf62.19.100
  Stream #0:0(und): Video: h264 (High) (avc1 / 0x31637661), yuv420p(progressive), 1920x1080, q=2-31, 2267 kb/s, 30 fps, 30 tbr, 15360 tbn (default)
    Metadata:
      handler_name    : VideoHandler
      encoder         : Lavc62.35.100 libx264
  Stream #0:1(und): Audio: aac (LC) (mp4a / 0x6134706D), 96000 Hz, stereo, fltp, 166 kb/s (default)
    Metadata:
      handler_name    : SoundHandler
Press [q] to stop, [?] for help
frame=15686 fps=0.0 q=-1.0 size=  163840KiB time=00:08:43.00 bitrate=2566.3kbits/s speed=1e+03x elapsed=0:00:00.52    [mp4 @ 00000000030600c0] Starting second pass: moving the moov atom to the beginning of the file
[out#0/mp4 @ 0000000000693880] video:201206KiB audio:14750KiB subtitle:0KiB other streams:0KiB global headers:0KiB muxing overhead: 0.350660%
frame=21810 fps=0.0 q=-1.0 Lsize=  216713KiB time=00:12:07.00 bitrate=2442.0kbits/s speed= 842x elapsed=0:00:00.86    

saved deliverables\masterclass\frankendome-montage-v3-narration.m4a
saved deliverables\masterclass\frankendome-montage-v3.mp4
saved deliverables\masterclass\frankendome-montage-v3-narration.md
saved deliverables\masterclass\frankendome-montage-v3.srt

[exited with code 0]
