Stream mapping:
  Stream #0:0 -> #0:0 (copy)
  Stream #1:0 -> #0:1 (copy)
Output #0, mp4, to 'deliverables\masterclass\dome-construction-masterclass.mp4':
  Metadata:
    major_brand     : isom
    minor_version   : 512
    compatible_brands: isomiso2avc1mp41
    encoder         : Lavf62.19.100
  Stream #0:0(und): Video: h264 (High) (avc1 / 0x31637661), yuv420p(progressive), 1920x1080, q=2-31, 1837 kb/s, 30 fps, 30 tbr, 15360 tbn (default)
    Metadata:
      handler_name    : VideoHandler
      encoder         : Lavc62.35.100 libx264
  Stream #0:1(und): Audio: aac (LC) (mp4a / 0x6134706D), 96000 Hz, stereo, fltp, 180 kb/s (default)
    Metadata:
      handler_name    : SoundHandler
Press [q] to stop, [?] for help
frame=13829 fps=0.0 q=-1.0 size=  118784KiB time=00:07:40.99 bitrate=2110.8kbits/s speed= 896x elapsed=0:00:00.51    frame=25755 fps=24928 q=-1.0 size=  227328KiB time=00:14:18.60 bitrate=2169.0kbits/s speed= 831x elapsed=0:00:01.03    frame=37826 fps=24424 q=-1.0 size=  314368KiB time=00:21:00.96 bitrate=2042.3kbits/s speed= 814x elapsed=0:00:01.54    [mp4 @ 00000000007ffb40] Starting second pass: moving the moov atom to the beginning of the file
[out#0/mp4 @ 00000000007b5380] video:322589KiB audio:31664KiB subtitle:0KiB other streams:0KiB global headers:0KiB muxing overhead: 0.422390%
frame=43137 fps=21393 q=-1.0 Lsize=  355750KiB time=00:23:57.90 bitrate=2026.8kbits/s speed= 713x elapsed=0:00:02.01    

saved deliverables\masterclass\dome-construction-masterclass-narration.m4a
saved deliverables\masterclass\dome-construction-masterclass.mp4
saved deliverables\masterclass\dome-construction-masterclass-narration.md
saved deliverables\masterclass\dome-construction-masterclass.srt

[exited with code 0]
