    encoder         : Lavf62.19.100
  Duration: 00:12:30.60, start: 0.000000, bitrate: 183 kb/s
  Stream #1:0[0x1](und): Audio: aac (LC) (mp4a / 0x6134706D), 96000 Hz, stereo, fltp, 180 kb/s (default)
    Metadata:
      handler_name    : SoundHandler
Stream mapping:
  Stream #0:0 -> #0:0 (copy)
  Stream #1:0 -> #0:1 (copy)
Output #0, mp4, to 'deliverables\masterclass\assembly-line-energy-masterclass.mp4':
  Metadata:
    major_brand     : isom
    minor_version   : 512
    compatible_brands: isomiso2avc1mp41
    encoder         : Lavf62.19.100
  Stream #0:0(und): Video: h264 (High) (avc1 / 0x31637661), yuv420p(progressive), 1920x1080, q=2-31, 1352 kb/s, 30 fps, 30 tbr, 15360 tbn (default)
    Metadata:
      handler_name    : VideoHandler
      encoder         : Lavc62.35.100 libx264
  Stream #0:1(und): Audio: aac (LC) (mp4a / 0x6134706D), 96000 Hz, stereo, fltp, 180 kb/s (default)
    Metadata:
      handler_name    : SoundHandler
Press [q] to stop, [?] for help
frame=12416 fps=0.0 q=-1.0 size=   77824KiB time=00:06:54.00 bitrate=1539.9kbits/s speed= 803x elapsed=0:00:00.51    [mp4 @ 00000000030ff200] Starting second pass: moving the moov atom to the beginning of the file
[out#0/mp4 @ 0000000000135b80] video:123942KiB audio:16556KiB subtitle:0KiB other streams:0KiB global headers:0KiB muxing overhead: 0.556413%
frame=22517 fps=19475 q=-1.0 Lsize=  141279KiB time=00:12:30.60 bitrate=1541.9kbits/s speed= 649x elapsed=0:00:01.15    

saved deliverables\masterclass\assembly-line-energy-masterclass-narration.m4a
saved deliverables\masterclass\assembly-line-energy-masterclass.mp4
saved deliverables\masterclass\assembly-line-energy-masterclass-narration.md
saved deliverables\masterclass\assembly-line-energy-masterclass.srt

[exited with code 0]
